// Jest Snapshot v1, https://goo.gl/fbAQLP

exports[`all generated buttons have proper href value 1`] = `
<div
  className="mt-6 mb-6"
>
  <a
    className=""
    href="/route-one"
    onClick={[Function]}
  >
    <button
      className="inline-flex items-center border-transparent rounded-md font-semibold uppercase tracking-widest false px-4 py-2 border-2 text-xs false  text-[color:var(--my-background)] hover:bg-[color:var(--my-background)]   bg-[color:var(--my-foreground)] hover:border-[color:var(--my-foreground)] hover:text-[color:var(--my-foreground)]     false mr-3"
      disabled={false}
      onClick={[Function]}
      type="button"
    >
      route-one
    </button>
  </a>
  <a
    className=""
    href="/route-two"
    onClick={[Function]}
  >
    <button
      className="inline-flex items-center border-transparent rounded-md font-semibold uppercase tracking-widest false px-4 py-2 border-2 text-xs false  text-[color:var(--my-background)] hover:bg-[color:var(--my-background)]   bg-[color:var(--my-foreground)] hover:border-[color:var(--my-foreground)] hover:text-[color:var(--my-foreground)]     false mr-3"
      disabled={false}
      onClick={[Function]}
      type="button"
    >
      route-two
    </button>
  </a>
</div>
`;

exports[`all generated buttons have proper href value 2`] = `
<div
  className="mt-6 mb-6"
>
  <a
    className=""
    href="/route-one"
    onClick={[Function]}
  >
    <button
      className="inline-flex items-center border-transparent rounded-md font-semibold uppercase tracking-widest false px-4 py-2 border-2 text-xs false  text-[color:var(--my-background)] hover:bg-[color:var(--my-background)]   bg-[color:var(--my-foreground)] hover:border-[color:var(--my-foreground)] hover:text-[color:var(--my-foreground)]     false mr-3"
      disabled={false}
      onClick={[Function]}
      type="button"
    >
      route-one
    </button>
  </a>
  <a
    className=""
    href="/route-two"
    onClick={[Function]}
  >
    <button
      className="inline-flex items-center border-transparent rounded-md font-semibold uppercase tracking-widest false px-4 py-2 border-2 text-xs false  text-[color:var(--my-background)] hover:bg-[color:var(--my-background)]   bg-[color:var(--my-foreground)] hover:border-[color:var(--my-foreground)] hover:text-[color:var(--my-foreground)]     false mr-3"
      disabled={false}
      onClick={[Function]}
      type="button"
    >
      route-two
    </button>
  </a>
</div>
`;

exports[`all generated buttons have proper href value 3`] = `
<div
  className="mt-6 mb-6"
>
  <a
    className=""
    href="/route-one"
    onClick={[Function]}
  >
    <button
      className="inline-flex items-center border-transparent rounded-md font-semibold uppercase tracking-widest false px-4 py-2 border-2 text-xs false  text-[color:var(--my-background)] hover:bg-[color:var(--my-background)]   bg-[color:var(--my-foreground)] hover:border-[color:var(--my-foreground)] hover:text-[color:var(--my-foreground)]     false mr-3"
      disabled={false}
      onClick={[Function]}
      type="button"
    >
      route-one
    </button>
  </a>
  <a
    className=""
    href="/route-two"
    onClick={[Function]}
  >
    <button
      className="inline-flex items-center border-transparent rounded-md font-semibold uppercase tracking-widest false px-4 py-2 border-2 text-xs false  text-[color:var(--my-background)] hover:bg-[color:var(--my-background)]   bg-[color:var(--my-foreground)] hover:border-[color:var(--my-foreground)] hover:text-[color:var(--my-foreground)]     false mr-3"
      disabled={false}
      onClick={[Function]}
      type="button"
    >
      route-two
    </button>
  </a>
</div>
`;

exports[`all generated buttons have proper href value 4`] = `
<div
  className="mt-6 mb-6"
>
  <a
    className=""
    href="/route-one"
    onClick={[Function]}
  >
    <button
      className="inline-flex items-center border-transparent rounded-md font-semibold uppercase tracking-widest false px-4 py-2 border-2 text-xs false  text-[color:var(--my-background)] hover:bg-[color:var(--my-background)]   bg-[color:var(--my-foreground)] hover:border-[color:var(--my-foreground)] hover:text-[color:var(--my-foreground)]     false mr-3"
      disabled={false}
      onClick={[Function]}
      type="button"
    >
      route-one
    </button>
  </a>
  <a
    className=""
    href="/route-two"
    onClick={[Function]}
  >
    <button
      className="inline-flex items-center border-transparent rounded-md font-semibold uppercase tracking-widest false px-4 py-2 border-2 text-xs false  text-[color:var(--my-background)] hover:bg-[color:var(--my-background)]   bg-[color:var(--my-foreground)] hover:border-[color:var(--my-foreground)] hover:text-[color:var(--my-foreground)]     false mr-3"
      disabled={false}
      onClick={[Function]}
      type="button"
    >
      route-two
    </button>
  </a>
</div>
`;
